TRACKED_WIKI=355
TRACKED_ALL=1487

=== SAME H1 (multiple files) ===

=== SAME STEM (multiple files) ===
STEM=suicidal empathy
  wiki/Books/Suicidal Empathy.md  H1='Suicidal Empathy (Book)'
  wiki/Concepts/Suicidal Empathy.md  H1='Suicidal Empathy'

=== STEM pairs leftover stubs (X vs X Challenge) ===
PAIR: wiki/Dimensions/30-Day Challenges/Deep Processing Challenge.md <-> ['wiki/Dimensions/Deep Processing.md']
PAIR: wiki/Dimensions/30-Day Challenges/Mindset Challenge.md <-> ['wiki/Dimensions/Mindset.md']
PAIR: wiki/Dimensions/30-Day Challenges/Retrieval Challenge.md <-> ['wiki/Dimensions/Retrieval.md']
PAIR: wiki/Dimensions/30-Day Challenges/Self-Management Challenge.md <-> ['wiki/Dimensions/Self-Management.md']
PAIR: wiki/Dimensions/30-Day Challenges/Self-Regulation Challenge.md <-> ['wiki/Dimensions/Self-Regulation.md']

=== Similar openings/titles ===
op=1.00 h1=0.70 st=0.70
  A: wiki/Research/Blog Craft Research Bank.md | Blog Craft Research Bank
  B: wiki/Research/Two Egos Research Bank.md | Two Egos Research Bank
op=1.00 h1=0.68 st=0.68
  A: wiki/Research/Blog Craft Research Bank.md | Blog Craft Research Bank
  B: wiki/Research/Self-Talk Research Bank.md | Self-Talk Research Bank
op=1.00 h1=0.67 st=0.67
  A: wiki/Research/Self-Talk Research Bank.md | Self-Talk Research Bank
  B: wiki/Research/Two Egos Research Bank.md | Two Egos Research Bank
