[     640ms] [INFO] Banner not shown: beforeinstallpromptevent.preventDefault() called. The page must call beforeinstallpromptevent.prompt() to show the banner. @ https://x.com/search?q=%28%E6%88%BF%E6%9D%B1%20OR%20%E5%8A%A0%E7%8F%AD%20OR%20%E8%BD%89%E8%81%B7%20OR%20%E5%AE%A4%E5%8F%8B%29%20%28%E5%8F%B0%E7%81%A3%20OR%20%E5%8F%B0%E5%8C%97%29%20lang%3Azh%20min_faves%3A20%20-filter%3Areplies&src=typed_query&f=live:0
[     900ms] [WARNING] No available adapters. @ https://x.com/search?q=%28%E6%88%BF%E6%9D%B1%20OR%20%E5%8A%A0%E7%8F%AD%20OR%20%E8%BD%89%E8%81%B7%20OR%20%E5%AE%A4%E5%8F%8B%29%20%28%E5%8F%B0%E7%81%A3%20OR%20%E5%8F%B0%E5%8C%97%29%20lang%3Azh%20min_faves%3A20%20-filter%3Areplies&src=typed_query&f=live:0
[  270449ms] [ERROR] Failed to load resource: the server responded with a status of 429 () @ https://x.com/i/api/graphql/q4Npr1-FYRWyXsRzPckwEA/ViewerBadgeCounts?variables=%7B%7D:0
[  300439ms] [ERROR] Failed to load resource: the server responded with a status of 429 () @ https://x.com/i/api/graphql/q4Npr1-FYRWyXsRzPckwEA/ViewerBadgeCounts?variables=%7B%7D:0
[  330448ms] [ERROR] Failed to load resource: the server responded with a status of 429 () @ https://x.com/i/api/graphql/q4Npr1-FYRWyXsRzPckwEA/ViewerBadgeCounts?variables=%7B%7D:0
[  360445ms] [ERROR] Failed to load resource: the server responded with a status of 429 () @ https://x.com/i/api/graphql/q4Npr1-FYRWyXsRzPckwEA/ViewerBadgeCounts?variables=%7B%7D:0
[  390446ms] [ERROR] Failed to load resource: the server responded with a status of 429 () @ https://x.com/i/api/graphql/q4Npr1-FYRWyXsRzPckwEA/ViewerBadgeCounts?variables=%7B%7D:0
[  420457ms] [ERROR] Failed to load resource: the server responded with a status of 429 () @ https://x.com/i/api/graphql/q4Npr1-FYRWyXsRzPckwEA/ViewerBadgeCounts?variables=%7B%7D:0
[  450455ms] [ERROR] Failed to load resource: the server responded with a status of 429 () @ https://x.com/i/api/graphql/q4Npr1-FYRWyXsRzPckwEA/ViewerBadgeCounts?variables=%7B%7D:0
[  480448ms] [ERROR] Failed to load resource: the server responded with a status of 429 () @ https://x.com/i/api/graphql/q4Npr1-FYRWyXsRzPckwEA/ViewerBadgeCounts?variables=%7B%7D:0
[  510452ms] [ERROR] Failed to load resource: the server responded with a status of 429 () @ https://x.com/i/api/graphql/q4Npr1-FYRWyXsRzPckwEA/ViewerBadgeCounts?variables=%7B%7D:0
[  540452ms] [ERROR] Failed to load resource: the server responded with a status of 429 () @ https://x.com/i/api/graphql/q4Npr1-FYRWyXsRzPckwEA/ViewerBadgeCounts?variables=%7B%7D:0
[  570516ms] [ERROR] Failed to load resource: the server responded with a status of 429 () @ https://x.com/i/api/graphql/q4Npr1-FYRWyXsRzPckwEA/ViewerBadgeCounts?variables=%7B%7D:0
[  600434ms] [ERROR] Failed to load resource: the server responded with a status of 429 () @ https://x.com/i/api/graphql/q4Npr1-FYRWyXsRzPckwEA/ViewerBadgeCounts?variables=%7B%7D:0
[  630445ms] [ERROR] Failed to load resource: the server responded with a status of 429 () @ https://x.com/i/api/graphql/q4Npr1-FYRWyXsRzPckwEA/ViewerBadgeCounts?variables=%7B%7D:0
[  660447ms] [ERROR] Failed to load resource: the server responded with a status of 429 () @ https://x.com/i/api/graphql/q4Npr1-FYRWyXsRzPckwEA/ViewerBadgeCounts?variables=%7B%7D:0
[ 1200532ms] [ERROR] Failed to load resource: the server responded with a status of 429 () @ https://x.com/i/api/graphql/q4Npr1-FYRWyXsRzPckwEA/ViewerBadgeCounts?variables=%7B%7D:0
[ 1230456ms] [ERROR] Failed to load resource: the server responded with a status of 429 () @ https://x.com/i/api/graphql/q4Npr1-FYRWyXsRzPckwEA/ViewerBadgeCounts?variables=%7B%7D:0
[ 1260444ms] [ERROR] Failed to load resource: the server responded with a status of 429 () @ https://x.com/i/api/graphql/q4Npr1-FYRWyXsRzPckwEA/ViewerBadgeCounts?variables=%7B%7D:0
[ 1290444ms] [ERROR] Failed to load resource: the server responded with a status of 429 () @ https://x.com/i/api/graphql/q4Npr1-FYRWyXsRzPckwEA/ViewerBadgeCounts?variables=%7B%7D:0
[ 1320449ms] [ERROR] Failed to load resource: the server responded with a status of 429 () @ https://x.com/i/api/graphql/q4Npr1-FYRWyXsRzPckwEA/ViewerBadgeCounts?variables=%7B%7D:0
[ 1350448ms] [ERROR] Failed to load resource: the server responded with a status of 429 () @ https://x.com/i/api/graphql/q4Npr1-FYRWyXsRzPckwEA/ViewerBadgeCounts?variables=%7B%7D:0
[ 1380448ms] [ERROR] Failed to load resource: the server responded with a status of 429 () @ https://x.com/i/api/graphql/q4Npr1-FYRWyXsRzPckwEA/ViewerBadgeCounts?variables=%7B%7D:0
[ 1410468ms] [ERROR] Failed to load resource: the server responded with a status of 429 () @ https://x.com/i/api/graphql/q4Npr1-FYRWyXsRzPckwEA/ViewerBadgeCounts?variables=%7B%7D:0
[ 1440452ms] [ERROR] Failed to load resource: the server responded with a status of 429 () @ https://x.com/i/api/graphql/q4Npr1-FYRWyXsRzPckwEA/ViewerBadgeCounts?variables=%7B%7D:0
[ 1470444ms] [ERROR] Failed to load resource: the server responded with a status of 429 () @ https://x.com/i/api/graphql/q4Npr1-FYRWyXsRzPckwEA/ViewerBadgeCounts?variables=%7B%7D:0
[ 1500443ms] [ERROR] Failed to load resource: the server responded with a status of 429 () @ https://x.com/i/api/graphql/q4Npr1-FYRWyXsRzPckwEA/ViewerBadgeCounts?variables=%7B%7D:0
[ 1530454ms] [ERROR] Failed to load resource: the server responded with a status of 429 () @ https://x.com/i/api/graphql/q4Npr1-FYRWyXsRzPckwEA/ViewerBadgeCounts?variables=%7B%7D:0
[ 1560451ms] [ERROR] Failed to load resource: the server responded with a status of 429 () @ https://x.com/i/api/graphql/q4Npr1-FYRWyXsRzPckwEA/ViewerBadgeCounts?variables=%7B%7D:0
[ 2100444ms] [ERROR] Failed to load resource: the server responded with a status of 429 () @ https://x.com/i/api/graphql/q4Npr1-FYRWyXsRzPckwEA/ViewerBadgeCounts?variables=%7B%7D:0
[ 2130452ms] [ERROR] Failed to load resource: the server responded with a status of 429 () @ https://x.com/i/api/graphql/q4Npr1-FYRWyXsRzPckwEA/ViewerBadgeCounts?variables=%7B%7D:0
[ 2160445ms] [ERROR] Failed to load resource: the server responded with a status of 429 () @ https://x.com/i/api/graphql/q4Npr1-FYRWyXsRzPckwEA/ViewerBadgeCounts?variables=%7B%7D:0
[ 2190438ms] [ERROR] Failed to load resource: the server responded with a status of 429 () @ https://x.com/i/api/graphql/q4Npr1-FYRWyXsRzPckwEA/ViewerBadgeCounts?variables=%7B%7D:0
[ 2220449ms] [ERROR] Failed to load resource: the server responded with a status of 429 () @ https://x.com/i/api/graphql/q4Npr1-FYRWyXsRzPckwEA/ViewerBadgeCounts?variables=%7B%7D:0
[ 2250454ms] [ERROR] Failed to load resource: the server responded with a status of 429 () @ https://x.com/i/api/graphql/q4Npr1-FYRWyXsRzPckwEA/ViewerBadgeCounts?variables=%7B%7D:0
[ 2280453ms] [ERROR] Failed to load resource: the server responded with a status of 429 () @ https://x.com/i/api/graphql/q4Npr1-FYRWyXsRzPckwEA/ViewerBadgeCounts?variables=%7B%7D:0
[ 2310453ms] [ERROR] Failed to load resource: the server responded with a status of 429 () @ https://x.com/i/api/graphql/q4Npr1-FYRWyXsRzPckwEA/ViewerBadgeCounts?variables=%7B%7D:0
[ 2340452ms] [ERROR] Failed to load resource: the server responded with a status of 429 () @ https://x.com/i/api/graphql/q4Npr1-FYRWyXsRzPckwEA/ViewerBadgeCounts?variables=%7B%7D:0
[ 2370508ms] [ERROR] Failed to load resource: the server responded with a status of 429 () @ https://x.com/i/api/graphql/q4Npr1-FYRWyXsRzPckwEA/ViewerBadgeCounts?variables=%7B%7D:0
[ 2400436ms] [ERROR] Failed to load resource: the server responded with a status of 429 () @ https://x.com/i/api/graphql/q4Npr1-FYRWyXsRzPckwEA/ViewerBadgeCounts?variables=%7B%7D:0
[ 2430469ms] [ERROR] Failed to load resource: the server responded with a status of 429 () @ https://x.com/i/api/graphql/q4Npr1-FYRWyXsRzPckwEA/ViewerBadgeCounts?variables=%7B%7D:0
[ 2460476ms] [ERROR] Failed to load resource: the server responded with a status of 429 () @ https://x.com/i/api/graphql/q4Npr1-FYRWyXsRzPckwEA/ViewerBadgeCounts?variables=%7B%7D:0
[ 2702138ms] [ERROR] Failed to load resource: the server responded with a status of 400 () @ https://api.x.com/1.1/live_pipeline/update_subscriptions:0
[ 3000434ms] [ERROR] Failed to load resource: the server responded with a status of 429 () @ https://x.com/i/api/graphql/q4Npr1-FYRWyXsRzPckwEA/ViewerBadgeCounts?variables=%7B%7D:0
[ 3030449ms] [ERROR] Failed to load resource: the server responded with a status of 429 () @ https://x.com/i/api/graphql/q4Npr1-FYRWyXsRzPckwEA/ViewerBadgeCounts?variables=%7B%7D:0
[ 3060469ms] [ERROR] Failed to load resource: the server responded with a status of 429 () @ https://x.com/i/api/graphql/q4Npr1-FYRWyXsRzPckwEA/ViewerBadgeCounts?variables=%7B%7D:0
[ 3090444ms] [ERROR] Failed to load resource: the server responded with a status of 429 () @ https://x.com/i/api/graphql/q4Npr1-FYRWyXsRzPckwEA/ViewerBadgeCounts?variables=%7B%7D:0
[ 3120454ms] [ERROR] Failed to load resource: the server responded with a status of 429 () @ https://x.com/i/api/graphql/q4Npr1-FYRWyXsRzPckwEA/ViewerBadgeCounts?variables=%7B%7D:0
[ 3150448ms] [ERROR] Failed to load resource: the server responded with a status of 429 () @ https://x.com/i/api/graphql/q4Npr1-FYRWyXsRzPckwEA/ViewerBadgeCounts?variables=%7B%7D:0
[ 3180449ms] [ERROR] Failed to load resource: the server responded with a status of 429 () @ https://x.com/i/api/graphql/q4Npr1-FYRWyXsRzPckwEA/ViewerBadgeCounts?variables=%7B%7D:0
[ 3210448ms] [ERROR] Failed to load resource: the server responded with a status of 429 () @ https://x.com/i/api/graphql/q4Npr1-FYRWyXsRzPckwEA/ViewerBadgeCounts?variables=%7B%7D:0
[ 3240448ms] [ERROR] Failed to load resource: the server responded with a status of 429 () @ https://x.com/i/api/graphql/q4Npr1-FYRWyXsRzPckwEA/ViewerBadgeCounts?variables=%7B%7D:0
[ 3270449ms] [ERROR] Failed to load resource: the server responded with a status of 429 () @ https://x.com/i/api/graphql/q4Npr1-FYRWyXsRzPckwEA/ViewerBadgeCounts?variables=%7B%7D:0
[ 3300427ms] [ERROR] Failed to load resource: the server responded with a status of 429 () @ https://x.com/i/api/graphql/q4Npr1-FYRWyXsRzPckwEA/ViewerBadgeCounts?variables=%7B%7D:0
[ 3330448ms] [ERROR] Failed to load resource: the server responded with a status of 429 () @ https://x.com/i/api/graphql/q4Npr1-FYRWyXsRzPckwEA/ViewerBadgeCounts?variables=%7B%7D:0
[ 3360438ms] [ERROR] Failed to load resource: the server responded with a status of 429 () @ https://x.com/i/api/graphql/q4Npr1-FYRWyXsRzPckwEA/ViewerBadgeCounts?variables=%7B%7D:0
[ 3900432ms] [ERROR] Failed to load resource: the server responded with a status of 429 () @ https://x.com/i/api/graphql/q4Npr1-FYRWyXsRzPckwEA/ViewerBadgeCounts?variables=%7B%7D:0
[ 3930449ms] [ERROR] Failed to load resource: the server responded with a status of 429 () @ https://x.com/i/api/graphql/q4Npr1-FYRWyXsRzPckwEA/ViewerBadgeCounts?variables=%7B%7D:0
[ 3960429ms] [ERROR] Failed to load resource: the server responded with a status of 429 () @ https://x.com/i/api/graphql/q4Npr1-FYRWyXsRzPckwEA/ViewerBadgeCounts?variables=%7B%7D:0
[ 3990442ms] [ERROR] Failed to load resource: the server responded with a status of 429 () @ https://x.com/i/api/graphql/q4Npr1-FYRWyXsRzPckwEA/ViewerBadgeCounts?variables=%7B%7D:0
[ 4020448ms] [ERROR] Failed to load resource: the server responded with a status of 429 () @ https://x.com/i/api/graphql/q4Npr1-FYRWyXsRzPckwEA/ViewerBadgeCounts?variables=%7B%7D:0
[ 4050448ms] [ERROR] Failed to load resource: the server responded with a status of 429 () @ https://x.com/i/api/graphql/q4Npr1-FYRWyXsRzPckwEA/ViewerBadgeCounts?variables=%7B%7D:0
[ 4080448ms] [ERROR] Failed to load resource: the server responded with a status of 429 () @ https://x.com/i/api/graphql/q4Npr1-FYRWyXsRzPckwEA/ViewerBadgeCounts?variables=%7B%7D:0
[ 4110444ms] [ERROR] Failed to load resource: the server responded with a status of 429 () @ https://x.com/i/api/graphql/q4Npr1-FYRWyXsRzPckwEA/ViewerBadgeCounts?variables=%7B%7D:0
[ 4140444ms] [ERROR] Failed to load resource: the server responded with a status of 429 () @ https://x.com/i/api/graphql/q4Npr1-FYRWyXsRzPckwEA/ViewerBadgeCounts?variables=%7B%7D:0
[ 4170520ms] [ERROR] Failed to load resource: the server responded with a status of 429 () @ https://x.com/i/api/graphql/q4Npr1-FYRWyXsRzPckwEA/ViewerBadgeCounts?variables=%7B%7D:0
[ 4200434ms] [ERROR] Failed to load resource: the server responded with a status of 429 () @ https://x.com/i/api/graphql/q4Npr1-FYRWyXsRzPckwEA/ViewerBadgeCounts?variables=%7B%7D:0
[ 4230448ms] [ERROR] Failed to load resource: the server responded with a status of 429 () @ https://x.com/i/api/graphql/q4Npr1-FYRWyXsRzPckwEA/ViewerBadgeCounts?variables=%7B%7D:0
[ 4260443ms] [ERROR] Failed to load resource: the server responded with a status of 429 () @ https://x.com/i/api/graphql/q4Npr1-FYRWyXsRzPckwEA/ViewerBadgeCounts?variables=%7B%7D:0
[ 4800437ms] [ERROR] Failed to load resource: the server responded with a status of 429 () @ https://x.com/i/api/graphql/q4Npr1-FYRWyXsRzPckwEA/ViewerBadgeCounts?variables=%7B%7D:0
[ 4830449ms] [ERROR] Failed to load resource: the server responded with a status of 429 () @ https://x.com/i/api/graphql/q4Npr1-FYRWyXsRzPckwEA/ViewerBadgeCounts?variables=%7B%7D:0
[ 4860425ms] [ERROR] Failed to load resource: the server responded with a status of 429 () @ https://x.com/i/api/graphql/q4Npr1-FYRWyXsRzPckwEA/ViewerBadgeCounts?variables=%7B%7D:0
[ 4890512ms] [ERROR] Failed to load resource: the server responded with a status of 429 () @ https://x.com/i/api/graphql/q4Npr1-FYRWyXsRzPckwEA/ViewerBadgeCounts?variables=%7B%7D:0
[ 4920448ms] [ERROR] Failed to load resource: the server responded with a status of 429 () @ https://x.com/i/api/graphql/q4Npr1-FYRWyXsRzPckwEA/ViewerBadgeCounts?variables=%7B%7D:0
[ 4950448ms] [ERROR] Failed to load resource: the server responded with a status of 429 () @ https://x.com/i/api/graphql/q4Npr1-FYRWyXsRzPckwEA/ViewerBadgeCounts?variables=%7B%7D:0
[ 4980448ms] [ERROR] Failed to load resource: the server responded with a status of 429 () @ https://x.com/i/api/graphql/q4Npr1-FYRWyXsRzPckwEA/ViewerBadgeCounts?variables=%7B%7D:0
[ 5010448ms] [ERROR] Failed to load resource: the server responded with a status of 429 () @ https://x.com/i/api/graphql/q4Npr1-FYRWyXsRzPckwEA/ViewerBadgeCounts?variables=%7B%7D:0
[ 5040449ms] [ERROR] Failed to load resource: the server responded with a status of 429 () @ https://x.com/i/api/graphql/q4Npr1-FYRWyXsRzPckwEA/ViewerBadgeCounts?variables=%7B%7D:0
[ 5070448ms] [ERROR] Failed to load resource: the server responded with a status of 429 () @ https://x.com/i/api/graphql/q4Npr1-FYRWyXsRzPckwEA/ViewerBadgeCounts?variables=%7B%7D:0
[ 5100448ms] [ERROR] Failed to load resource: the server responded with a status of 429 () @ https://x.com/i/api/graphql/q4Npr1-FYRWyXsRzPckwEA/ViewerBadgeCounts?variables=%7B%7D:0
[ 5130448ms] [ERROR] Failed to load resource: the server responded with a status of 429 () @ https://x.com/i/api/graphql/q4Npr1-FYRWyXsRzPckwEA/ViewerBadgeCounts?variables=%7B%7D:0
[ 5160464ms] [ERROR] Failed to load resource: the server responded with a status of 429 () @ https://x.com/i/api/graphql/q4Npr1-FYRWyXsRzPckwEA/ViewerBadgeCounts?variables=%7B%7D:0
[ 5403293ms] [ERROR] Failed to load resource: the server responded with a status of 400 () @ https://api.x.com/1.1/live_pipeline/update_subscriptions:0
[ 5670453ms] [ERROR] Failed to load resource: the server responded with a status of 429 () @ https://x.com/i/api/graphql/q4Npr1-FYRWyXsRzPckwEA/ViewerBadgeCounts?variables=%7B%7D:0
[ 5700436ms] [ERROR] Failed to load resource: the server responded with a status of 429 () @ https://x.com/i/api/graphql/q4Npr1-FYRWyXsRzPckwEA/ViewerBadgeCounts?variables=%7B%7D:0
[ 5730453ms] [ERROR] Failed to load resource: the server responded with a status of 429 () @ https://x.com/i/api/graphql/q4Npr1-FYRWyXsRzPckwEA/ViewerBadgeCounts?variables=%7B%7D:0
[ 5760468ms] [ERROR] Failed to load resource: the server responded with a status of 429 () @ https://x.com/i/api/graphql/q4Npr1-FYRWyXsRzPckwEA/ViewerBadgeCounts?variables=%7B%7D:0
[ 5790443ms] [ERROR] Failed to load resource: the server responded with a status of 429 () @ https://x.com/i/api/graphql/q4Npr1-FYRWyXsRzPckwEA/ViewerBadgeCounts?variables=%7B%7D:0
[ 5820500ms] [ERROR] Failed to load resource: the server responded with a status of 429 () @ https://x.com/i/api/graphql/q4Npr1-FYRWyXsRzPckwEA/ViewerBadgeCounts?variables=%7B%7D:0
[ 5850453ms] [ERROR] Failed to load resource: the server responded with a status of 429 () @ https://x.com/i/api/graphql/q4Npr1-FYRWyXsRzPckwEA/ViewerBadgeCounts?variables=%7B%7D:0
[ 5880448ms] [ERROR] Failed to load resource: the server responded with a status of 429 () @ https://x.com/i/api/graphql/q4Npr1-FYRWyXsRzPckwEA/ViewerBadgeCounts?variables=%7B%7D:0
[ 5910448ms] [ERROR] Failed to load resource: the server responded with a status of 429 () @ https://x.com/i/api/graphql/q4Npr1-FYRWyXsRzPckwEA/ViewerBadgeCounts?variables=%7B%7D:0
[ 5940452ms] [ERROR] Failed to load resource: the server responded with a status of 429 () @ https://x.com/i/api/graphql/q4Npr1-FYRWyXsRzPckwEA/ViewerBadgeCounts?variables=%7B%7D:0
[ 5970508ms] [ERROR] Failed to load resource: the server responded with a status of 429 () @ https://x.com/i/api/graphql/q4Npr1-FYRWyXsRzPckwEA/ViewerBadgeCounts?variables=%7B%7D:0
[ 6000439ms] [ERROR] Failed to load resource: the server responded with a status of 429 () @ https://x.com/i/api/graphql/q4Npr1-FYRWyXsRzPckwEA/ViewerBadgeCounts?variables=%7B%7D:0
[ 6030444ms] [ERROR] Failed to load resource: the server responded with a status of 429 () @ https://x.com/i/api/graphql/q4Npr1-FYRWyXsRzPckwEA/ViewerBadgeCounts?variables=%7B%7D:0
[ 6060439ms] [ERROR] Failed to load resource: the server responded with a status of 429 () @ https://x.com/i/api/graphql/q4Npr1-FYRWyXsRzPckwEA/ViewerBadgeCounts?variables=%7B%7D:0
[ 6600434ms] [ERROR] Failed to load resource: the server responded with a status of 429 () @ https://x.com/i/api/graphql/q4Npr1-FYRWyXsRzPckwEA/ViewerBadgeCounts?variables=%7B%7D:0
[ 6630448ms] [ERROR] Failed to load resource: the server responded with a status of 429 () @ https://x.com/i/api/graphql/q4Npr1-FYRWyXsRzPckwEA/ViewerBadgeCounts?variables=%7B%7D:0
[ 6660443ms] [ERROR] Failed to load resource: the server responded with a status of 429 () @ https://x.com/i/api/graphql/q4Npr1-FYRWyXsRzPckwEA/ViewerBadgeCounts?variables=%7B%7D:0
[ 6690437ms] [ERROR] Failed to load resource: the server responded with a status of 429 () @ https://x.com/i/api/graphql/q4Npr1-FYRWyXsRzPckwEA/ViewerBadgeCounts?variables=%7B%7D:0
[ 6720444ms] [ERROR] Failed to load resource: the server responded with a status of 429 () @ https://x.com/i/api/graphql/q4Npr1-FYRWyXsRzPckwEA/ViewerBadgeCounts?variables=%7B%7D:0
[ 6750435ms] [ERROR] Failed to load resource: the server responded with a status of 429 () @ https://x.com/i/api/graphql/q4Npr1-FYRWyXsRzPckwEA/ViewerBadgeCounts?variables=%7B%7D:0
[ 6780453ms] [ERROR] Failed to load resource: the server responded with a status of 429 () @ https://x.com/i/api/graphql/q4Npr1-FYRWyXsRzPckwEA/ViewerBadgeCounts?variables=%7B%7D:0
[ 6810443ms] [ERROR] Failed to load resource: the server responded with a status of 429 () @ https://x.com/i/api/graphql/q4Npr1-FYRWyXsRzPckwEA/ViewerBadgeCounts?variables=%7B%7D:0
[ 6840444ms] [ERROR] Failed to load resource: the server responded with a status of 429 () @ https://x.com/i/api/graphql/q4Npr1-FYRWyXsRzPckwEA/ViewerBadgeCounts?variables=%7B%7D:0
[ 6870448ms] [ERROR] Failed to load resource: the server responded with a status of 429 () @ https://x.com/i/api/graphql/q4Npr1-FYRWyXsRzPckwEA/ViewerBadgeCounts?variables=%7B%7D:0
[ 6900451ms] [ERROR] Failed to load resource: the server responded with a status of 429 () @ https://x.com/i/api/graphql/q4Npr1-FYRWyXsRzPckwEA/ViewerBadgeCounts?variables=%7B%7D:0
[ 6930448ms] [ERROR] Failed to load resource: the server responded with a status of 429 () @ https://x.com/i/api/graphql/q4Npr1-FYRWyXsRzPckwEA/ViewerBadgeCounts?variables=%7B%7D:0
[ 6960440ms] [ERROR] Failed to load resource: the server responded with a status of 429 () @ https://x.com/i/api/graphql/q4Npr1-FYRWyXsRzPckwEA/ViewerBadgeCounts?variables=%7B%7D:0
[ 7470452ms] [ERROR] Failed to load resource: the server responded with a status of 429 () @ https://x.com/i/api/graphql/q4Npr1-FYRWyXsRzPckwEA/ViewerBadgeCounts?variables=%7B%7D:0
[ 7500430ms] [ERROR] Failed to load resource: the server responded with a status of 429 () @ https://x.com/i/api/graphql/q4Npr1-FYRWyXsRzPckwEA/ViewerBadgeCounts?variables=%7B%7D:0
[ 7530449ms] [ERROR] Failed to load resource: the server responded with a status of 429 () @ https://x.com/i/api/graphql/q4Npr1-FYRWyXsRzPckwEA/ViewerBadgeCounts?variables=%7B%7D:0
[ 7560429ms] [ERROR] Failed to load resource: the server responded with a status of 429 () @ https://x.com/i/api/graphql/q4Npr1-FYRWyXsRzPckwEA/ViewerBadgeCounts?variables=%7B%7D:0
[ 7590433ms] [ERROR] Failed to load resource: the server responded with a status of 429 () @ https://x.com/i/api/graphql/q4Npr1-FYRWyXsRzPckwEA/ViewerBadgeCounts?variables=%7B%7D:0
[ 7620448ms] [ERROR] Failed to load resource: the server responded with a status of 429 () @ https://x.com/i/api/graphql/q4Npr1-FYRWyXsRzPckwEA/ViewerBadgeCounts?variables=%7B%7D:0
[ 7650493ms] [ERROR] Failed to load resource: the server responded with a status of 429 () @ https://x.com/i/api/graphql/q4Npr1-FYRWyXsRzPckwEA/ViewerBadgeCounts?variables=%7B%7D:0
[ 7680444ms] [ERROR] Failed to load resource: the server responded with a status of 429 () @ https://x.com/i/api/graphql/q4Npr1-FYRWyXsRzPckwEA/ViewerBadgeCounts?variables=%7B%7D:0
[ 7710449ms] [ERROR] Failed to load resource: the server responded with a status of 429 () @ https://x.com/i/api/graphql/q4Npr1-FYRWyXsRzPckwEA/ViewerBadgeCounts?variables=%7B%7D:0
[ 7740452ms] [ERROR] Failed to load resource: the server responded with a status of 429 () @ https://x.com/i/api/graphql/q4Npr1-FYRWyXsRzPckwEA/ViewerBadgeCounts?variables=%7B%7D:0
[ 7770504ms] [ERROR] Failed to load resource: the server responded with a status of 429 () @ https://x.com/i/api/graphql/q4Npr1-FYRWyXsRzPckwEA/ViewerBadgeCounts?variables=%7B%7D:0
[ 7800437ms] [ERROR] Failed to load resource: the server responded with a status of 429 () @ https://x.com/i/api/graphql/q4Npr1-FYRWyXsRzPckwEA/ViewerBadgeCounts?variables=%7B%7D:0
[ 7830444ms] [ERROR] Failed to load resource: the server responded with a status of 429 () @ https://x.com/i/api/graphql/q4Npr1-FYRWyXsRzPckwEA/ViewerBadgeCounts?variables=%7B%7D:0
[ 7860464ms] [ERROR] Failed to load resource: the server responded with a status of 429 () @ https://x.com/i/api/graphql/q4Npr1-FYRWyXsRzPckwEA/ViewerBadgeCounts?variables=%7B%7D:0
[ 8104460ms] [ERROR] Failed to load resource: the server responded with a status of 400 () @ https://api.x.com/1.1/live_pipeline/update_subscriptions:0
[ 8400435ms] [ERROR] Failed to load resource: the server responded with a status of 429 () @ https://x.com/i/api/graphql/q4Npr1-FYRWyXsRzPckwEA/ViewerBadgeCounts?variables=%7B%7D:0
[ 8430449ms] [ERROR] Failed to load resource: the server responded with a status of 429 () @ https://x.com/i/api/graphql/q4Npr1-FYRWyXsRzPckwEA/ViewerBadgeCounts?variables=%7B%7D:0
[ 8460480ms] [ERROR] Failed to load resource: the server responded with a status of 429 () @ https://x.com/i/api/graphql/q4Npr1-FYRWyXsRzPckwEA/ViewerBadgeCounts?variables=%7B%7D:0
[ 8490435ms] [ERROR] Failed to load resource: the server responded with a status of 429 () @ https://x.com/i/api/graphql/q4Npr1-FYRWyXsRzPckwEA/ViewerBadgeCounts?variables=%7B%7D:0
[ 8520449ms] [ERROR] Failed to load resource: the server responded with a status of 429 () @ https://x.com/i/api/graphql/q4Npr1-FYRWyXsRzPckwEA/ViewerBadgeCounts?variables=%7B%7D:0
[ 8550448ms] [ERROR] Failed to load resource: the server responded with a status of 429 () @ https://x.com/i/api/graphql/q4Npr1-FYRWyXsRzPckwEA/ViewerBadgeCounts?variables=%7B%7D:0
[ 8580452ms] [ERROR] Failed to load resource: the server responded with a status of 429 () @ https://x.com/i/api/graphql/q4Npr1-FYRWyXsRzPckwEA/ViewerBadgeCounts?variables=%7B%7D:0
[ 8610448ms] [ERROR] Failed to load resource: the server responded with a status of 429 () @ https://x.com/i/api/graphql/q4Npr1-FYRWyXsRzPckwEA/ViewerBadgeCounts?variables=%7B%7D:0
[ 8640448ms] [ERROR] Failed to load resource: the server responded with a status of 429 () @ https://x.com/i/api/graphql/q4Npr1-FYRWyXsRzPckwEA/ViewerBadgeCounts?variables=%7B%7D:0
[ 8670448ms] [ERROR] Failed to load resource: the server responded with a status of 429 () @ https://x.com/i/api/graphql/q4Npr1-FYRWyXsRzPckwEA/ViewerBadgeCounts?variables=%7B%7D:0
[ 8700485ms] [ERROR] Failed to load resource: the server responded with a status of 429 () @ https://x.com/i/api/graphql/q4Npr1-FYRWyXsRzPckwEA/ViewerBadgeCounts?variables=%7B%7D:0
[ 8730448ms] [ERROR] Failed to load resource: the server responded with a status of 429 () @ https://x.com/i/api/graphql/q4Npr1-FYRWyXsRzPckwEA/ViewerBadgeCounts?variables=%7B%7D:0
[ 8760440ms] [ERROR] Failed to load resource: the server responded with a status of 429 () @ https://x.com/i/api/graphql/q4Npr1-FYRWyXsRzPckwEA/ViewerBadgeCounts?variables=%7B%7D:0
[ 9300426ms] [ERROR] Failed to load resource: the server responded with a status of 429 () @ https://x.com/i/api/graphql/q4Npr1-FYRWyXsRzPckwEA/ViewerBadgeCounts?variables=%7B%7D:0
[ 9330448ms] [ERROR] Failed to load resource: the server responded with a status of 429 () @ https://x.com/i/api/graphql/q4Npr1-FYRWyXsRzPckwEA/ViewerBadgeCounts?variables=%7B%7D:0
[ 9360431ms] [ERROR] Failed to load resource: the server responded with a status of 429 () @ https://x.com/i/api/graphql/q4Npr1-FYRWyXsRzPckwEA/ViewerBadgeCounts?variables=%7B%7D:0
[ 9390433ms] [ERROR] Failed to load resource: the server responded with a status of 429 () @ https://x.com/i/api/graphql/q4Npr1-FYRWyXsRzPckwEA/ViewerBadgeCounts?variables=%7B%7D:0
[ 9420448ms] [ERROR] Failed to load resource: the server responded with a status of 429 () @ https://x.com/i/api/graphql/q4Npr1-FYRWyXsRzPckwEA/ViewerBadgeCounts?variables=%7B%7D:0
[ 9450447ms] [ERROR] Failed to load resource: the server responded with a status of 429 () @ https://x.com/i/api/graphql/q4Npr1-FYRWyXsRzPckwEA/ViewerBadgeCounts?variables=%7B%7D:0
[ 9480448ms] [ERROR] Failed to load resource: the server responded with a status of 429 () @ https://x.com/i/api/graphql/q4Npr1-FYRWyXsRzPckwEA/ViewerBadgeCounts?variables=%7B%7D:0
[ 9510448ms] [ERROR] Failed to load resource: the server responded with a status of 429 () @ https://x.com/i/api/graphql/q4Npr1-FYRWyXsRzPckwEA/ViewerBadgeCounts?variables=%7B%7D:0
[ 9540448ms] [ERROR] Failed to load resource: the server responded with a status of 429 () @ https://x.com/i/api/graphql/q4Npr1-FYRWyXsRzPckwEA/ViewerBadgeCounts?variables=%7B%7D:0
[ 9570512ms] [ERROR] Failed to load resource: the server responded with a status of 429 () @ https://x.com/i/api/graphql/q4Npr1-FYRWyXsRzPckwEA/ViewerBadgeCounts?variables=%7B%7D:0
[ 9600446ms] [ERROR] Failed to load resource: the server responded with a status of 429 () @ https://x.com/i/api/graphql/q4Npr1-FYRWyXsRzPckwEA/ViewerBadgeCounts?variables=%7B%7D:0
[ 9630453ms] [ERROR] Failed to load resource: the server responded with a status of 429 () @ https://x.com/i/api/graphql/q4Npr1-FYRWyXsRzPckwEA/ViewerBadgeCounts?variables=%7B%7D:0
[ 9660481ms] [ERROR] Failed to load resource: the server responded with a status of 429 () @ https://x.com/i/api/graphql/q4Npr1-FYRWyXsRzPckwEA/ViewerBadgeCounts?variables=%7B%7D:0
