[     629ms] [INFO] Banner not shown: beforeinstallpromptevent.preventDefault() called. The page must call beforeinstallpromptevent.prompt() to show the banner. @ https://x.com/search?q=from%3Apoteto%20skill&f=live:0
[     930ms] [WARNING] No available adapters. @ https://x.com/search?q=from%3Apoteto%20skill&f=live:0
[   20412ms] [INFO] Banner not shown: beforeinstallpromptevent.preventDefault() called. The page must call beforeinstallpromptevent.prompt() to show the banner. @ https://x.com/poteto/status/2104664283808428165:0
[   20782ms] [WARNING] No available adapters. @ https://x.com/poteto/status/2104664283808428165:0
[   21650ms] [WARNING] No available adapters. @ https://x.com/poteto/status/2102835770784694385:0
[   21685ms] [INFO] Banner not shown: beforeinstallpromptevent.preventDefault() called. The page must call beforeinstallpromptevent.prompt() to show the banner. @ https://x.com/poteto/status/2102835770784694385:0
[   22736ms] [WARNING] No available adapters. @ https://x.com/poteto/status/2094967827019243547:0
[   22754ms] [INFO] Banner not shown: beforeinstallpromptevent.preventDefault() called. The page must call beforeinstallpromptevent.prompt() to show the banner. @ https://x.com/poteto/status/2094967827019243547:0
[   23785ms] [INFO] Banner not shown: beforeinstallpromptevent.preventDefault() called. The page must call beforeinstallpromptevent.prompt() to show the banner. @ https://x.com/poteto/status/2091368467060662497:0
[   24086ms] [WARNING] No available adapters. @ https://x.com/poteto/status/2091368467060662497:0
[   24827ms] [INFO] Banner not shown: beforeinstallpromptevent.preventDefault() called. The page must call beforeinstallpromptevent.prompt() to show the banner. @ https://x.com/poteto/status/2098649778158797128:0
[   25187ms] [WARNING] No available adapters. @ https://x.com/poteto/status/2098649778158797128:0
[   26077ms] [INFO] Banner not shown: beforeinstallpromptevent.preventDefault() called. The page must call beforeinstallpromptevent.prompt() to show the banner. @ https://x.com/poteto/status/2094991020048138661:0
[   26431ms] [WARNING] No available adapters. @ https://x.com/poteto/status/2094991020048138661:0
[  326198ms] [ERROR] Failed to load resource: the server responded with a status of 429 () @ https://x.com/i/api/graphql/q4Npr1-FYRWyXsRzPckwEA/ViewerBadgeCounts?variables=%7B%7D:0
[  356202ms] [ERROR] Failed to load resource: the server responded with a status of 429 () @ https://x.com/i/api/graphql/q4Npr1-FYRWyXsRzPckwEA/ViewerBadgeCounts?variables=%7B%7D:0
[  386211ms] [ERROR] Failed to load resource: the server responded with a status of 429 () @ https://x.com/i/api/graphql/q4Npr1-FYRWyXsRzPckwEA/ViewerBadgeCounts?variables=%7B%7D:0
[  416214ms] [ERROR] Failed to load resource: the server responded with a status of 429 () @ https://x.com/i/api/graphql/q4Npr1-FYRWyXsRzPckwEA/ViewerBadgeCounts?variables=%7B%7D:0
[  446219ms] [ERROR] Failed to load resource: the server responded with a status of 429 () @ https://x.com/i/api/graphql/q4Npr1-FYRWyXsRzPckwEA/ViewerBadgeCounts?variables=%7B%7D:0
[ 1226202ms] [ERROR] Failed to load resource: the server responded with a status of 429 () @ https://x.com/i/api/graphql/q4Npr1-FYRWyXsRzPckwEA/ViewerBadgeCounts?variables=%7B%7D:0
[ 1256202ms] [ERROR] Failed to load resource: the server responded with a status of 429 () @ https://x.com/i/api/graphql/q4Npr1-FYRWyXsRzPckwEA/ViewerBadgeCounts?variables=%7B%7D:0
[ 1286219ms] [ERROR] Failed to load resource: the server responded with a status of 429 () @ https://x.com/i/api/graphql/q4Npr1-FYRWyXsRzPckwEA/ViewerBadgeCounts?variables=%7B%7D:0
[ 1316211ms] [ERROR] Failed to load resource: the server responded with a status of 429 () @ https://x.com/i/api/graphql/q4Npr1-FYRWyXsRzPckwEA/ViewerBadgeCounts?variables=%7B%7D:0
[ 1346247ms] [ERROR] Failed to load resource: the server responded with a status of 429 () @ https://x.com/i/api/graphql/q4Npr1-FYRWyXsRzPckwEA/ViewerBadgeCounts?variables=%7B%7D:0
[ 2126210ms] [ERROR] Failed to load resource: the server responded with a status of 429 () @ https://x.com/i/api/graphql/q4Npr1-FYRWyXsRzPckwEA/ViewerBadgeCounts?variables=%7B%7D:0
[ 2156200ms] [ERROR] Failed to load resource: the server responded with a status of 429 () @ https://x.com/i/api/graphql/q4Npr1-FYRWyXsRzPckwEA/ViewerBadgeCounts?variables=%7B%7D:0
[ 2186211ms] [ERROR] Failed to load resource: the server responded with a status of 429 () @ https://x.com/i/api/graphql/q4Npr1-FYRWyXsRzPckwEA/ViewerBadgeCounts?variables=%7B%7D:0
[ 2216211ms] [ERROR] Failed to load resource: the server responded with a status of 429 () @ https://x.com/i/api/graphql/q4Npr1-FYRWyXsRzPckwEA/ViewerBadgeCounts?variables=%7B%7D:0
[ 2246211ms] [ERROR] Failed to load resource: the server responded with a status of 429 () @ https://x.com/i/api/graphql/q4Npr1-FYRWyXsRzPckwEA/ViewerBadgeCounts?variables=%7B%7D:0
[ 2727799ms] [ERROR] Failed to load resource: the server responded with a status of 400 () @ https://api.x.com/1.1/live_pipeline/update_subscriptions:0
[ 3026198ms] [ERROR] Failed to load resource: the server responded with a status of 429 () @ https://x.com/i/api/graphql/q4Npr1-FYRWyXsRzPckwEA/ViewerBadgeCounts?variables=%7B%7D:0
[ 3056213ms] [ERROR] Failed to load resource: the server responded with a status of 429 () @ https://x.com/i/api/graphql/q4Npr1-FYRWyXsRzPckwEA/ViewerBadgeCounts?variables=%7B%7D:0
[ 3086211ms] [ERROR] Failed to load resource: the server responded with a status of 429 () @ https://x.com/i/api/graphql/q4Npr1-FYRWyXsRzPckwEA/ViewerBadgeCounts?variables=%7B%7D:0
[ 3116219ms] [ERROR] Failed to load resource: the server responded with a status of 429 () @ https://x.com/i/api/graphql/q4Npr1-FYRWyXsRzPckwEA/ViewerBadgeCounts?variables=%7B%7D:0
[ 3146216ms] [ERROR] Failed to load resource: the server responded with a status of 429 () @ https://x.com/i/api/graphql/q4Npr1-FYRWyXsRzPckwEA/ViewerBadgeCounts?variables=%7B%7D:0
[ 3926212ms] [ERROR] Failed to load resource: the server responded with a status of 429 () @ https://x.com/i/api/graphql/q4Npr1-FYRWyXsRzPckwEA/ViewerBadgeCounts?variables=%7B%7D:0
[ 3956213ms] [ERROR] Failed to load resource: the server responded with a status of 429 () @ https://x.com/i/api/graphql/q4Npr1-FYRWyXsRzPckwEA/ViewerBadgeCounts?variables=%7B%7D:0
[ 3986214ms] [ERROR] Failed to load resource: the server responded with a status of 429 () @ https://x.com/i/api/graphql/q4Npr1-FYRWyXsRzPckwEA/ViewerBadgeCounts?variables=%7B%7D:0
[ 4016216ms] [ERROR] Failed to load resource: the server responded with a status of 429 () @ https://x.com/i/api/graphql/q4Npr1-FYRWyXsRzPckwEA/ViewerBadgeCounts?variables=%7B%7D:0
[ 4046216ms] [ERROR] Failed to load resource: the server responded with a status of 429 () @ https://x.com/i/api/graphql/q4Npr1-FYRWyXsRzPckwEA/ViewerBadgeCounts?variables=%7B%7D:0
[ 4826198ms] [ERROR] Failed to load resource: the server responded with a status of 429 () @ https://x.com/i/api/graphql/q4Npr1-FYRWyXsRzPckwEA/ViewerBadgeCounts?variables=%7B%7D:0
[ 4856208ms] [ERROR] Failed to load resource: the server responded with a status of 429 () @ https://x.com/i/api/graphql/q4Npr1-FYRWyXsRzPckwEA/ViewerBadgeCounts?variables=%7B%7D:0
[ 4886215ms] [ERROR] Failed to load resource: the server responded with a status of 429 () @ https://x.com/i/api/graphql/q4Npr1-FYRWyXsRzPckwEA/ViewerBadgeCounts?variables=%7B%7D:0
[ 4916216ms] [ERROR] Failed to load resource: the server responded with a status of 429 () @ https://x.com/i/api/graphql/q4Npr1-FYRWyXsRzPckwEA/ViewerBadgeCounts?variables=%7B%7D:0
[ 4946210ms] [ERROR] Failed to load resource: the server responded with a status of 429 () @ https://x.com/i/api/graphql/q4Npr1-FYRWyXsRzPckwEA/ViewerBadgeCounts?variables=%7B%7D:0
[ 5428995ms] [ERROR] Failed to load resource: the server responded with a status of 400 () @ https://api.x.com/1.1/live_pipeline/update_subscriptions:0
[ 5726195ms] [ERROR] Failed to load resource: the server responded with a status of 429 () @ https://x.com/i/api/graphql/q4Npr1-FYRWyXsRzPckwEA/ViewerBadgeCounts?variables=%7B%7D:0
[ 5756195ms] [ERROR] Failed to load resource: the server responded with a status of 429 () @ https://x.com/i/api/graphql/q4Npr1-FYRWyXsRzPckwEA/ViewerBadgeCounts?variables=%7B%7D:0
[ 5786219ms] [ERROR] Failed to load resource: the server responded with a status of 429 () @ https://x.com/i/api/graphql/q4Npr1-FYRWyXsRzPckwEA/ViewerBadgeCounts?variables=%7B%7D:0
[ 5816215ms] [ERROR] Failed to load resource: the server responded with a status of 429 () @ https://x.com/i/api/graphql/q4Npr1-FYRWyXsRzPckwEA/ViewerBadgeCounts?variables=%7B%7D:0
[ 5846211ms] [ERROR] Failed to load resource: the server responded with a status of 429 () @ https://x.com/i/api/graphql/q4Npr1-FYRWyXsRzPckwEA/ViewerBadgeCounts?variables=%7B%7D:0
[ 6626197ms] [ERROR] Failed to load resource: the server responded with a status of 429 () @ https://x.com/i/api/graphql/q4Npr1-FYRWyXsRzPckwEA/ViewerBadgeCounts?variables=%7B%7D:0
[ 6656200ms] [ERROR] Failed to load resource: the server responded with a status of 429 () @ https://x.com/i/api/graphql/q4Npr1-FYRWyXsRzPckwEA/ViewerBadgeCounts?variables=%7B%7D:0
[ 6686215ms] [ERROR] Failed to load resource: the server responded with a status of 429 () @ https://x.com/i/api/graphql/q4Npr1-FYRWyXsRzPckwEA/ViewerBadgeCounts?variables=%7B%7D:0
[ 6716215ms] [ERROR] Failed to load resource: the server responded with a status of 429 () @ https://x.com/i/api/graphql/q4Npr1-FYRWyXsRzPckwEA/ViewerBadgeCounts?variables=%7B%7D:0
[ 6746211ms] [ERROR] Failed to load resource: the server responded with a status of 429 () @ https://x.com/i/api/graphql/q4Npr1-FYRWyXsRzPckwEA/ViewerBadgeCounts?variables=%7B%7D:0
[ 7526197ms] [ERROR] Failed to load resource: the server responded with a status of 429 () @ https://x.com/i/api/graphql/q4Npr1-FYRWyXsRzPckwEA/ViewerBadgeCounts?variables=%7B%7D:0
[ 7556197ms] [ERROR] Failed to load resource: the server responded with a status of 429 () @ https://x.com/i/api/graphql/q4Npr1-FYRWyXsRzPckwEA/ViewerBadgeCounts?variables=%7B%7D:0
[ 7586215ms] [ERROR] Failed to load resource: the server responded with a status of 429 () @ https://x.com/i/api/graphql/q4Npr1-FYRWyXsRzPckwEA/ViewerBadgeCounts?variables=%7B%7D:0
[ 7616211ms] [ERROR] Failed to load resource: the server responded with a status of 429 () @ https://x.com/i/api/graphql/q4Npr1-FYRWyXsRzPckwEA/ViewerBadgeCounts?variables=%7B%7D:0
[ 7646228ms] [ERROR] Failed to load resource: the server responded with a status of 429 () @ https://x.com/i/api/graphql/q4Npr1-FYRWyXsRzPckwEA/ViewerBadgeCounts?variables=%7B%7D:0
[ 8130103ms] [ERROR] Failed to load resource: the server responded with a status of 400 () @ https://api.x.com/1.1/live_pipeline/update_subscriptions:0
[ 8426196ms] [ERROR] Failed to load resource: the server responded with a status of 429 () @ https://x.com/i/api/graphql/q4Npr1-FYRWyXsRzPckwEA/ViewerBadgeCounts?variables=%7B%7D:0
[ 8456199ms] [ERROR] Failed to load resource: the server responded with a status of 429 () @ https://x.com/i/api/graphql/q4Npr1-FYRWyXsRzPckwEA/ViewerBadgeCounts?variables=%7B%7D:0
[ 8486216ms] [ERROR] Failed to load resource: the server responded with a status of 429 () @ https://x.com/i/api/graphql/q4Npr1-FYRWyXsRzPckwEA/ViewerBadgeCounts?variables=%7B%7D:0
[ 8516211ms] [ERROR] Failed to load resource: the server responded with a status of 429 () @ https://x.com/i/api/graphql/q4Npr1-FYRWyXsRzPckwEA/ViewerBadgeCounts?variables=%7B%7D:0
[ 8546215ms] [ERROR] Failed to load resource: the server responded with a status of 429 () @ https://x.com/i/api/graphql/q4Npr1-FYRWyXsRzPckwEA/ViewerBadgeCounts?variables=%7B%7D:0
[ 9326198ms] [ERROR] Failed to load resource: the server responded with a status of 429 () @ https://x.com/i/api/graphql/q4Npr1-FYRWyXsRzPckwEA/ViewerBadgeCounts?variables=%7B%7D:0
[ 9356193ms] [ERROR] Failed to load resource: the server responded with a status of 429 () @ https://x.com/i/api/graphql/q4Npr1-FYRWyXsRzPckwEA/ViewerBadgeCounts?variables=%7B%7D:0
[ 9386211ms] [ERROR] Failed to load resource: the server responded with a status of 429 () @ https://x.com/i/api/graphql/q4Npr1-FYRWyXsRzPckwEA/ViewerBadgeCounts?variables=%7B%7D:0
[ 9416211ms] [ERROR] Failed to load resource: the server responded with a status of 429 () @ https://x.com/i/api/graphql/q4Npr1-FYRWyXsRzPckwEA/ViewerBadgeCounts?variables=%7B%7D:0
[ 9446210ms] [ERROR] Failed to load resource: the server responded with a status of 429 () @ https://x.com/i/api/graphql/q4Npr1-FYRWyXsRzPckwEA/ViewerBadgeCounts?variables=%7B%7D:0
[10226193ms] [ERROR] Failed to load resource: the server responded with a status of 429 () @ https://x.com/i/api/graphql/q4Npr1-FYRWyXsRzPckwEA/ViewerBadgeCounts?variables=%7B%7D:0
[10256216ms] [ERROR] Failed to load resource: the server responded with a status of 429 () @ https://x.com/i/api/graphql/q4Npr1-FYRWyXsRzPckwEA/ViewerBadgeCounts?variables=%7B%7D:0
[10286219ms] [ERROR] Failed to load resource: the server responded with a status of 429 () @ https://x.com/i/api/graphql/q4Npr1-FYRWyXsRzPckwEA/ViewerBadgeCounts?variables=%7B%7D:0
[10316211ms] [ERROR] Failed to load resource: the server responded with a status of 429 () @ https://x.com/i/api/graphql/q4Npr1-FYRWyXsRzPckwEA/ViewerBadgeCounts?variables=%7B%7D:0
[10346216ms] [ERROR] Failed to load resource: the server responded with a status of 429 () @ https://x.com/i/api/graphql/q4Npr1-FYRWyXsRzPckwEA/ViewerBadgeCounts?variables=%7B%7D:0
[10831242ms] [ERROR] Failed to load resource: the server responded with a status of 400 () @ https://api.x.com/1.1/live_pipeline/update_subscriptions:0
[11126195ms] [ERROR] Failed to load resource: the server responded with a status of 429 () @ https://x.com/i/api/graphql/q4Npr1-FYRWyXsRzPckwEA/ViewerBadgeCounts?variables=%7B%7D:0
[11156195ms] [ERROR] Failed to load resource: the server responded with a status of 429 () @ https://x.com/i/api/graphql/q4Npr1-FYRWyXsRzPckwEA/ViewerBadgeCounts?variables=%7B%7D:0
[11186211ms] [ERROR] Failed to load resource: the server responded with a status of 429 () @ https://x.com/i/api/graphql/q4Npr1-FYRWyXsRzPckwEA/ViewerBadgeCounts?variables=%7B%7D:0
[11216216ms] [ERROR] Failed to load resource: the server responded with a status of 429 () @ https://x.com/i/api/graphql/q4Npr1-FYRWyXsRzPckwEA/ViewerBadgeCounts?variables=%7B%7D:0
[11246211ms] [ERROR] Failed to load resource: the server responded with a status of 429 () @ https://x.com/i/api/graphql/q4Npr1-FYRWyXsRzPckwEA/ViewerBadgeCounts?variables=%7B%7D:0
[12026195ms] [ERROR] Failed to load resource: the server responded with a status of 429 () @ https://x.com/i/api/graphql/q4Npr1-FYRWyXsRzPckwEA/ViewerBadgeCounts?variables=%7B%7D:0
[12056195ms] [ERROR] Failed to load resource: the server responded with a status of 429 () @ https://x.com/i/api/graphql/q4Npr1-FYRWyXsRzPckwEA/ViewerBadgeCounts?variables=%7B%7D:0
[12086214ms] [ERROR] Failed to load resource: the server responded with a status of 429 () @ https://x.com/i/api/graphql/q4Npr1-FYRWyXsRzPckwEA/ViewerBadgeCounts?variables=%7B%7D:0
[12116211ms] [ERROR] Failed to load resource: the server responded with a status of 429 () @ https://x.com/i/api/graphql/q4Npr1-FYRWyXsRzPckwEA/ViewerBadgeCounts?variables=%7B%7D:0
[12146210ms] [ERROR] Failed to load resource: the server responded with a status of 429 () @ https://x.com/i/api/graphql/q4Npr1-FYRWyXsRzPckwEA/ViewerBadgeCounts?variables=%7B%7D:0
[12926189ms] [ERROR] Failed to load resource: the server responded with a status of 429 () @ https://x.com/i/api/graphql/q4Npr1-FYRWyXsRzPckwEA/ViewerBadgeCounts?variables=%7B%7D:0
[12956202ms] [ERROR] Failed to load resource: the server responded with a status of 429 () @ https://x.com/i/api/graphql/q4Npr1-FYRWyXsRzPckwEA/ViewerBadgeCounts?variables=%7B%7D:0
[12986210ms] [ERROR] Failed to load resource: the server responded with a status of 429 () @ https://x.com/i/api/graphql/q4Npr1-FYRWyXsRzPckwEA/ViewerBadgeCounts?variables=%7B%7D:0
[13016247ms] [ERROR] Failed to load resource: the server responded with a status of 429 () @ https://x.com/i/api/graphql/q4Npr1-FYRWyXsRzPckwEA/ViewerBadgeCounts?variables=%7B%7D:0
[13046211ms] [ERROR] Failed to load resource: the server responded with a status of 429 () @ https://x.com/i/api/graphql/q4Npr1-FYRWyXsRzPckwEA/ViewerBadgeCounts?variables=%7B%7D:0
[13532354ms] [ERROR] Failed to load resource: the server responded with a status of 400 () @ https://api.x.com/1.1/live_pipeline/update_subscriptions:0
[13826196ms] [ERROR] Failed to load resource: the server responded with a status of 429 () @ https://x.com/i/api/graphql/q4Npr1-FYRWyXsRzPckwEA/ViewerBadgeCounts?variables=%7B%7D:0
[13856200ms] [ERROR] Failed to load resource: the server responded with a status of 429 () @ https://x.com/i/api/graphql/q4Npr1-FYRWyXsRzPckwEA/ViewerBadgeCounts?variables=%7B%7D:0
[13886215ms] [ERROR] Failed to load resource: the server responded with a status of 429 () @ https://x.com/i/api/graphql/q4Npr1-FYRWyXsRzPckwEA/ViewerBadgeCounts?variables=%7B%7D:0
[13916219ms] [ERROR] Failed to load resource: the server responded with a status of 429 () @ https://x.com/i/api/graphql/q4Npr1-FYRWyXsRzPckwEA/ViewerBadgeCounts?variables=%7B%7D:0
[13946211ms] [ERROR] Failed to load resource: the server responded with a status of 429 () @ https://x.com/i/api/graphql/q4Npr1-FYRWyXsRzPckwEA/ViewerBadgeCounts?variables=%7B%7D:0
[14726197ms] [ERROR] Failed to load resource: the server responded with a status of 429 () @ https://x.com/i/api/graphql/q4Npr1-FYRWyXsRzPckwEA/ViewerBadgeCounts?variables=%7B%7D:0
[14756199ms] [ERROR] Failed to load resource: the server responded with a status of 429 () @ https://x.com/i/api/graphql/q4Npr1-FYRWyXsRzPckwEA/ViewerBadgeCounts?variables=%7B%7D:0
[14786211ms] [ERROR] Failed to load resource: the server responded with a status of 429 () @ https://x.com/i/api/graphql/q4Npr1-FYRWyXsRzPckwEA/ViewerBadgeCounts?variables=%7B%7D:0
[14816238ms] [ERROR] Failed to load resource: the server responded with a status of 429 () @ https://x.com/i/api/graphql/q4Npr1-FYRWyXsRzPckwEA/ViewerBadgeCounts?variables=%7B%7D:0
[14833508ms] [ERROR] Failed to load resource: the server responded with a status of 400 () @ https://api.x.com/1.1/live_pipeline/update_subscriptions:0
[14846206ms] [ERROR] Failed to load resource: the server responded with a status of 429 () @ https://x.com/i/api/graphql/q4Npr1-FYRWyXsRzPckwEA/ViewerBadgeCounts?variables=%7B%7D:0
[15626205ms] [ERROR] Failed to load resource: the server responded with a status of 429 () @ https://x.com/i/api/graphql/q4Npr1-FYRWyXsRzPckwEA/ViewerBadgeCounts?variables=%7B%7D:0
[15656230ms] [ERROR] Failed to load resource: the server responded with a status of 429 () @ https://x.com/i/api/graphql/q4Npr1-FYRWyXsRzPckwEA/ViewerBadgeCounts?variables=%7B%7D:0
[15686218ms] [ERROR] Failed to load resource: the server responded with a status of 429 () @ https://x.com/i/api/graphql/q4Npr1-FYRWyXsRzPckwEA/ViewerBadgeCounts?variables=%7B%7D:0
[15716211ms] [ERROR] Failed to load resource: the server responded with a status of 429 () @ https://x.com/i/api/graphql/q4Npr1-FYRWyXsRzPckwEA/ViewerBadgeCounts?variables=%7B%7D:0
[15746218ms] [ERROR] Failed to load resource: the server responded with a status of 429 () @ https://x.com/i/api/graphql/q4Npr1-FYRWyXsRzPckwEA/ViewerBadgeCounts?variables=%7B%7D:0
[16526203ms] [ERROR] Failed to load resource: the server responded with a status of 429 () @ https://x.com/i/api/graphql/q4Npr1-FYRWyXsRzPckwEA/ViewerBadgeCounts?variables=%7B%7D:0
[16556193ms] [ERROR] Failed to load resource: the server responded with a status of 429 () @ https://x.com/i/api/graphql/q4Npr1-FYRWyXsRzPckwEA/ViewerBadgeCounts?variables=%7B%7D:0
[16584308ms] [ERROR] Failed to load resource: net::ERR_CONNECTION_CLOSED @ https://api.x.com/live_pipeline/events?topic=%2Flive_content%2F1699850234,%2Ftweet_engagement%2F2094991020048138661,%2Ftweet_engagement%2F2094457600259842065,%2Ftweet_engagement%2F2094986716356719098:0
[16586211ms] [ERROR] Failed to load resource: the server responded with a status of 429 () @ https://x.com/i/api/graphql/q4Npr1-FYRWyXsRzPckwEA/ViewerBadgeCounts?variables=%7B%7D:0
[16616283ms] [ERROR] Failed to load resource: the server responded with a status of 429 () @ https://x.com/i/api/graphql/q4Npr1-FYRWyXsRzPckwEA/ViewerBadgeCounts?variables=%7B%7D:0
[16646195ms] [ERROR] Failed to load resource: the server responded with a status of 429 () @ https://x.com/i/api/graphql/q4Npr1-FYRWyXsRzPckwEA/ViewerBadgeCounts?variables=%7B%7D:0
[16934662ms] [ERROR] Failed to load resource: the server responded with a status of 400 () @ https://api.x.com/1.1/live_pipeline/update_subscriptions:0
[17426190ms] [ERROR] Failed to load resource: the server responded with a status of 429 () @ https://x.com/i/api/graphql/q4Npr1-FYRWyXsRzPckwEA/ViewerBadgeCounts?variables=%7B%7D:0
[17456205ms] [ERROR] Failed to load resource: the server responded with a status of 429 () @ https://x.com/i/api/graphql/q4Npr1-FYRWyXsRzPckwEA/ViewerBadgeCounts?variables=%7B%7D:0
[17486223ms] [ERROR] Failed to load resource: the server responded with a status of 429 () @ https://x.com/i/api/graphql/q4Npr1-FYRWyXsRzPckwEA/ViewerBadgeCounts?variables=%7B%7D:0
[17516211ms] [ERROR] Failed to load resource: the server responded with a status of 429 () @ https://x.com/i/api/graphql/q4Npr1-FYRWyXsRzPckwEA/ViewerBadgeCounts?variables=%7B%7D:0
[17546290ms] [ERROR] Failed to load resource: the server responded with a status of 429 () @ https://x.com/i/api/graphql/q4Npr1-FYRWyXsRzPckwEA/ViewerBadgeCounts?variables=%7B%7D:0
[17697621ms] [ERROR] Failed to load resource: net::ERR_CONNECTION_CLOSED @ https://api.x.com/live_pipeline/events?topic=%2Flive_content%2F1699850234,%2Ftweet_engagement%2F2094991020048138661,%2Ftweet_engagement%2F2094457600259842065,%2Ftweet_engagement%2F2094986716356719098:0
[18035802ms] [ERROR] Failed to load resource: the server responded with a status of 400 () @ https://api.x.com/1.1/live_pipeline/update_subscriptions:0
[18260947ms] [ERROR] Failed to load resource: net::ERR_CONNECTION_CLOSED @ https://api.x.com/live_pipeline/events?topic=%2Flive_content%2F1699850234,%2Ftweet_engagement%2F2094991020048138661,%2Ftweet_engagement%2F2094457600259842065,%2Ftweet_engagement%2F2094986716356719098:0
[18326198ms] [ERROR] Failed to load resource: the server responded with a status of 429 () @ https://x.com/i/api/graphql/q4Npr1-FYRWyXsRzPckwEA/ViewerBadgeCounts?variables=%7B%7D:0
[18356200ms] [ERROR] Failed to load resource: the server responded with a status of 429 () @ https://x.com/i/api/graphql/q4Npr1-FYRWyXsRzPckwEA/ViewerBadgeCounts?variables=%7B%7D:0
[18386210ms] [ERROR] Failed to load resource: the server responded with a status of 429 () @ https://x.com/i/api/graphql/q4Npr1-FYRWyXsRzPckwEA/ViewerBadgeCounts?variables=%7B%7D:0
[18416211ms] [ERROR] Failed to load resource: the server responded with a status of 429 () @ https://x.com/i/api/graphql/q4Npr1-FYRWyXsRzPckwEA/ViewerBadgeCounts?variables=%7B%7D:0
[18446211ms] [ERROR] Failed to load resource: the server responded with a status of 429 () @ https://x.com/i/api/graphql/q4Npr1-FYRWyXsRzPckwEA/ViewerBadgeCounts?variables=%7B%7D:0
[18536912ms] [ERROR] Failed to load resource: the server responded with a status of 400 () @ https://api.x.com/1.1/live_pipeline/update_subscriptions:0
[19226222ms] [ERROR] Failed to load resource: the server responded with a status of 429 () @ https://x.com/i/api/graphql/q4Npr1-FYRWyXsRzPckwEA/ViewerBadgeCounts?variables=%7B%7D:0
[19256209ms] [ERROR] Failed to load resource: the server responded with a status of 429 () @ https://x.com/i/api/graphql/q4Npr1-FYRWyXsRzPckwEA/ViewerBadgeCounts?variables=%7B%7D:0
[19286211ms] [ERROR] Failed to load resource: the server responded with a status of 429 () @ https://x.com/i/api/graphql/q4Npr1-FYRWyXsRzPckwEA/ViewerBadgeCounts?variables=%7B%7D:0
[19316210ms] [ERROR] Failed to load resource: the server responded with a status of 429 () @ https://x.com/i/api/graphql/q4Npr1-FYRWyXsRzPckwEA/ViewerBadgeCounts?variables=%7B%7D:0
[19346219ms] [ERROR] Failed to load resource: the server responded with a status of 429 () @ https://x.com/i/api/graphql/q4Npr1-FYRWyXsRzPckwEA/ViewerBadgeCounts?variables=%7B%7D:0
[20126192ms] [ERROR] Failed to load resource: the server responded with a status of 429 () @ https://x.com/i/api/graphql/q4Npr1-FYRWyXsRzPckwEA/ViewerBadgeCounts?variables=%7B%7D:0
[20156197ms] [ERROR] Failed to load resource: the server responded with a status of 429 () @ https://x.com/i/api/graphql/q4Npr1-FYRWyXsRzPckwEA/ViewerBadgeCounts?variables=%7B%7D:0
[20186216ms] [ERROR] Failed to load resource: the server responded with a status of 429 () @ https://x.com/i/api/graphql/q4Npr1-FYRWyXsRzPckwEA/ViewerBadgeCounts?variables=%7B%7D:0
[20216211ms] [ERROR] Failed to load resource: the server responded with a status of 429 () @ https://x.com/i/api/graphql/q4Npr1-FYRWyXsRzPckwEA/ViewerBadgeCounts?variables=%7B%7D:0
[20246220ms] [ERROR] Failed to load resource: the server responded with a status of 429 () @ https://x.com/i/api/graphql/q4Npr1-FYRWyXsRzPckwEA/ViewerBadgeCounts?variables=%7B%7D:0
[20876114ms] [ERROR] Failed to load resource: net::ERR_HTTP2_PROTOCOL_ERROR @ https://api.x.com/live_pipeline/events?topic=%2Flive_content%2F1699850234,%2Ftweet_engagement%2F2094991020048138661,%2Ftweet_engagement%2F2094457600259842065,%2Ftweet_engagement%2F2094986716356719098:0
[20938054ms] [ERROR] Failed to load resource: the server responded with a status of 400 () @ https://api.x.com/1.1/live_pipeline/update_subscriptions:0
[21026192ms] [ERROR] Failed to load resource: the server responded with a status of 429 () @ https://x.com/i/api/graphql/q4Npr1-FYRWyXsRzPckwEA/ViewerBadgeCounts?variables=%7B%7D:0
[21056208ms] [ERROR] Failed to load resource: the server responded with a status of 429 () @ https://x.com/i/api/graphql/q4Npr1-FYRWyXsRzPckwEA/ViewerBadgeCounts?variables=%7B%7D:0
[21086211ms] [ERROR] Failed to load resource: the server responded with a status of 429 () @ https://x.com/i/api/graphql/q4Npr1-FYRWyXsRzPckwEA/ViewerBadgeCounts?variables=%7B%7D:0
[21116212ms] [ERROR] Failed to load resource: the server responded with a status of 429 () @ https://x.com/i/api/graphql/q4Npr1-FYRWyXsRzPckwEA/ViewerBadgeCounts?variables=%7B%7D:0
[21146211ms] [ERROR] Failed to load resource: the server responded with a status of 429 () @ https://x.com/i/api/graphql/q4Npr1-FYRWyXsRzPckwEA/ViewerBadgeCounts?variables=%7B%7D:0
[21926203ms] [ERROR] Failed to load resource: the server responded with a status of 429 () @ https://x.com/i/api/graphql/q4Npr1-FYRWyXsRzPckwEA/ViewerBadgeCounts?variables=%7B%7D:0
[21956322ms] [ERROR] Failed to load resource: the server responded with a status of 429 () @ https://x.com/i/api/graphql/q4Npr1-FYRWyXsRzPckwEA/ViewerBadgeCounts?variables=%7B%7D:0
[21986215ms] [ERROR] Failed to load resource: the server responded with a status of 429 () @ https://x.com/i/api/graphql/q4Npr1-FYRWyXsRzPckwEA/ViewerBadgeCounts?variables=%7B%7D:0
[22016211ms] [ERROR] Failed to load resource: the server responded with a status of 429 () @ https://x.com/i/api/graphql/q4Npr1-FYRWyXsRzPckwEA/ViewerBadgeCounts?variables=%7B%7D:0
[22046211ms] [ERROR] Failed to load resource: the server responded with a status of 429 () @ https://x.com/i/api/graphql/q4Npr1-FYRWyXsRzPckwEA/ViewerBadgeCounts?variables=%7B%7D:0
[22826204ms] [ERROR] Failed to load resource: the server responded with a status of 429 () @ https://x.com/i/api/graphql/q4Npr1-FYRWyXsRzPckwEA/ViewerBadgeCounts?variables=%7B%7D:0
[22856205ms] [ERROR] Failed to load resource: the server responded with a status of 429 () @ https://x.com/i/api/graphql/q4Npr1-FYRWyXsRzPckwEA/ViewerBadgeCounts?variables=%7B%7D:0
[22886227ms] [ERROR] Failed to load resource: the server responded with a status of 429 () @ https://x.com/i/api/graphql/q4Npr1-FYRWyXsRzPckwEA/ViewerBadgeCounts?variables=%7B%7D:0
[22916215ms] [ERROR] Failed to load resource: the server responded with a status of 429 () @ https://x.com/i/api/graphql/q4Npr1-FYRWyXsRzPckwEA/ViewerBadgeCounts?variables=%7B%7D:0
[22946212ms] [ERROR] Failed to load resource: the server responded with a status of 429 () @ https://x.com/i/api/graphql/q4Npr1-FYRWyXsRzPckwEA/ViewerBadgeCounts?variables=%7B%7D:0
[23639199ms] [ERROR] Failed to load resource: the server responded with a status of 400 () @ https://api.x.com/1.1/live_pipeline/update_subscriptions:0
[23726198ms] [ERROR] Failed to load resource: the server responded with a status of 429 () @ https://x.com/i/api/graphql/q4Npr1-FYRWyXsRzPckwEA/ViewerBadgeCounts?variables=%7B%7D:0
[23756211ms] [ERROR] Failed to load resource: the server responded with a status of 429 () @ https://x.com/i/api/graphql/q4Npr1-FYRWyXsRzPckwEA/ViewerBadgeCounts?variables=%7B%7D:0
[23786212ms] [ERROR] Failed to load resource: the server responded with a status of 429 () @ https://x.com/i/api/graphql/q4Npr1-FYRWyXsRzPckwEA/ViewerBadgeCounts?variables=%7B%7D:0
[23816215ms] [ERROR] Failed to load resource: the server responded with a status of 429 () @ https://x.com/i/api/graphql/q4Npr1-FYRWyXsRzPckwEA/ViewerBadgeCounts?variables=%7B%7D:0
[23846239ms] [ERROR] Failed to load resource: the server responded with a status of 429 () @ https://x.com/i/api/graphql/q4Npr1-FYRWyXsRzPckwEA/ViewerBadgeCounts?variables=%7B%7D:0
[23896939ms] [ERROR] Failed to load resource: net::ERR_HTTP2_PROTOCOL_ERROR @ https://api.x.com/live_pipeline/events?topic=%2Flive_content%2F1699850234,%2Ftweet_engagement%2F2094991020048138661,%2Ftweet_engagement%2F2094457600259842065,%2Ftweet_engagement%2F2094986716356719098:0
[23940368ms] [ERROR] Failed to load resource: the server responded with a status of 400 () @ https://api.x.com/1.1/live_pipeline/update_subscriptions:0
[24626198ms] [ERROR] Failed to load resource: the server responded with a status of 429 () @ https://x.com/i/api/graphql/q4Npr1-FYRWyXsRzPckwEA/ViewerBadgeCounts?variables=%7B%7D:0
[24656203ms] [ERROR] Failed to load resource: the server responded with a status of 429 () @ https://x.com/i/api/graphql/q4Npr1-FYRWyXsRzPckwEA/ViewerBadgeCounts?variables=%7B%7D:0
[24686211ms] [ERROR] Failed to load resource: the server responded with a status of 429 () @ https://x.com/i/api/graphql/q4Npr1-FYRWyXsRzPckwEA/ViewerBadgeCounts?variables=%7B%7D:0
[24716214ms] [ERROR] Failed to load resource: the server responded with a status of 429 () @ https://x.com/i/api/graphql/q4Npr1-FYRWyXsRzPckwEA/ViewerBadgeCounts?variables=%7B%7D:0
[24746214ms] [ERROR] Failed to load resource: the server responded with a status of 429 () @ https://x.com/i/api/graphql/q4Npr1-FYRWyXsRzPckwEA/ViewerBadgeCounts?variables=%7B%7D:0
[25526199ms] [ERROR] Failed to load resource: the server responded with a status of 429 () @ https://x.com/i/api/graphql/q4Npr1-FYRWyXsRzPckwEA/ViewerBadgeCounts?variables=%7B%7D:0
[25556198ms] [ERROR] Failed to load resource: the server responded with a status of 429 () @ https://x.com/i/api/graphql/q4Npr1-FYRWyXsRzPckwEA/ViewerBadgeCounts?variables=%7B%7D:0
[25586215ms] [ERROR] Failed to load resource: the server responded with a status of 429 () @ https://x.com/i/api/graphql/q4Npr1-FYRWyXsRzPckwEA/ViewerBadgeCounts?variables=%7B%7D:0
[25616211ms] [ERROR] Failed to load resource: the server responded with a status of 429 () @ https://x.com/i/api/graphql/q4Npr1-FYRWyXsRzPckwEA/ViewerBadgeCounts?variables=%7B%7D:0
[25646210ms] [ERROR] Failed to load resource: the server responded with a status of 429 () @ https://x.com/i/api/graphql/q4Npr1-FYRWyXsRzPckwEA/ViewerBadgeCounts?variables=%7B%7D:0
[26055140ms] [ERROR] Failed to load resource: net::ERR_CONNECTION_CLOSED @ https://api.x.com/live_pipeline/events?topic=%2Flive_content%2F1699850234,%2Ftweet_engagement%2F2094991020048138661,%2Ftweet_engagement%2F2094457600259842065,%2Ftweet_engagement%2F2094986716356719098:0
[26341519ms] [ERROR] Failed to load resource: the server responded with a status of 400 () @ https://api.x.com/1.1/live_pipeline/update_subscriptions:0
[26426201ms] [ERROR] Failed to load resource: the server responded with a status of 429 () @ https://x.com/i/api/graphql/q4Npr1-FYRWyXsRzPckwEA/ViewerBadgeCounts?variables=%7B%7D:0
[26456196ms] [ERROR] Failed to load resource: the server responded with a status of 429 () @ https://x.com/i/api/graphql/q4Npr1-FYRWyXsRzPckwEA/ViewerBadgeCounts?variables=%7B%7D:0
[26486216ms] [ERROR] Failed to load resource: the server responded with a status of 429 () @ https://x.com/i/api/graphql/q4Npr1-FYRWyXsRzPckwEA/ViewerBadgeCounts?variables=%7B%7D:0
[26516211ms] [ERROR] Failed to load resource: the server responded with a status of 429 () @ https://x.com/i/api/graphql/q4Npr1-FYRWyXsRzPckwEA/ViewerBadgeCounts?variables=%7B%7D:0
[26546215ms] [ERROR] Failed to load resource: the server responded with a status of 429 () @ https://x.com/i/api/graphql/q4Npr1-FYRWyXsRzPckwEA/ViewerBadgeCounts?variables=%7B%7D:0
[27326198ms] [ERROR] Failed to load resource: the server responded with a status of 429 () @ https://x.com/i/api/graphql/q4Npr1-FYRWyXsRzPckwEA/ViewerBadgeCounts?variables=%7B%7D:0
[27356195ms] [ERROR] Failed to load resource: the server responded with a status of 429 () @ https://x.com/i/api/graphql/q4Npr1-FYRWyXsRzPckwEA/ViewerBadgeCounts?variables=%7B%7D:0
[27386211ms] [ERROR] Failed to load resource: the server responded with a status of 429 () @ https://x.com/i/api/graphql/q4Npr1-FYRWyXsRzPckwEA/ViewerBadgeCounts?variables=%7B%7D:0
[27416211ms] [ERROR] Failed to load resource: the server responded with a status of 429 () @ https://x.com/i/api/graphql/q4Npr1-FYRWyXsRzPckwEA/ViewerBadgeCounts?variables=%7B%7D:0
[27446211ms] [ERROR] Failed to load resource: the server responded with a status of 429 () @ https://x.com/i/api/graphql/q4Npr1-FYRWyXsRzPckwEA/ViewerBadgeCounts?variables=%7B%7D:0
[28226197ms] [ERROR] Failed to load resource: the server responded with a status of 429 () @ https://x.com/i/api/graphql/q4Npr1-FYRWyXsRzPckwEA/ViewerBadgeCounts?variables=%7B%7D:0
[28256206ms] [ERROR] Failed to load resource: the server responded with a status of 429 () @ https://x.com/i/api/graphql/q4Npr1-FYRWyXsRzPckwEA/ViewerBadgeCounts?variables=%7B%7D:0
[28286220ms] [ERROR] Failed to load resource: the server responded with a status of 429 () @ https://x.com/i/api/graphql/q4Npr1-FYRWyXsRzPckwEA/ViewerBadgeCounts?variables=%7B%7D:0
[28316217ms] [ERROR] Failed to load resource: the server responded with a status of 429 () @ https://x.com/i/api/graphql/q4Npr1-FYRWyXsRzPckwEA/ViewerBadgeCounts?variables=%7B%7D:0
[28346212ms] [ERROR] Failed to load resource: the server responded with a status of 429 () @ https://x.com/i/api/graphql/q4Npr1-FYRWyXsRzPckwEA/ViewerBadgeCounts?variables=%7B%7D:0
[29042681ms] [ERROR] Failed to load resource: the server responded with a status of 400 () @ https://api.x.com/1.1/live_pipeline/update_subscriptions:0
[29126205ms] [ERROR] Failed to load resource: the server responded with a status of 429 () @ https://x.com/i/api/graphql/q4Npr1-FYRWyXsRzPckwEA/ViewerBadgeCounts?variables=%7B%7D:0
[29156225ms] [ERROR] Failed to load resource: the server responded with a status of 429 () @ https://x.com/i/api/graphql/q4Npr1-FYRWyXsRzPckwEA/ViewerBadgeCounts?variables=%7B%7D:0
[29186219ms] [ERROR] Failed to load resource: the server responded with a status of 429 () @ https://x.com/i/api/graphql/q4Npr1-FYRWyXsRzPckwEA/ViewerBadgeCounts?variables=%7B%7D:0
[29216219ms] [ERROR] Failed to load resource: the server responded with a status of 429 () @ https://x.com/i/api/graphql/q4Npr1-FYRWyXsRzPckwEA/ViewerBadgeCounts?variables=%7B%7D:0
[29246219ms] [ERROR] Failed to load resource: the server responded with a status of 429 () @ https://x.com/i/api/graphql/q4Npr1-FYRWyXsRzPckwEA/ViewerBadgeCounts?variables=%7B%7D:0
