[youtube] Extracting URL: https://www.youtube.com/watch?v=JeQnGXh-jso
[youtube] JeQnGXh-jso: Downloading webpage
WARNING: [youtube] No supported JavaScript runtime could be found. Only deno is enabled by default; to use another runtime add  --js-runtimes RUNTIME[:PATH]  to your command/config. YouTube extraction without a JS runtime has been deprecated, and some formats may be missing. See  https://github.com/yt-dlp/yt-dlp/wiki/EJS  for details on installing one
[youtube] JeQnGXh-jso: Downloading visionos player API JSON
[youtube] JeQnGXh-jso: Downloading m3u8 information
[info] JeQnGXh-jso: Downloading subtitles: en, en-orig
[info] JeQnGXh-jso: Downloading 1 format(s): 401+251-2
[info] Writing video subtitles to: JeQnGXh-jso.en.json3
WARNING: The extractor specified to use impersonation for this download, but no impersonate target is available. If you encounter errors, then see  https://github.com/yt-dlp/yt-dlp#impersonation  for information on installing the required dependencies
ERROR: Unable to download video subtitles for 'en': HTTP Error 429: Too Many Requests
[youtube] Extracting URL: https://www.youtube.com/watch?v=Q8yFrGwIftE
[youtube] Q8yFrGwIftE: Downloading webpage
WARNING: [youtube] No supported JavaScript runtime could be found. Only deno is enabled by default; to use another runtime add  --js-runtimes RUNTIME[:PATH]  to your command/config. YouTube extraction without a JS runtime has been deprecated, and some formats may be missing. See  https://github.com/yt-dlp/yt-dlp/wiki/EJS  for details on installing one
[youtube] Q8yFrGwIftE: Downloading visionos player API JSON
[youtube] Q8yFrGwIftE: Downloading m3u8 information
[info] Q8yFrGwIftE: Downloading subtitles: en, en-orig
[info] Testing format 616
[info] Q8yFrGwIftE: Downloading 1 format(s): 616+251-2
[info] Writing video subtitles to: Q8yFrGwIftE.en.json3
WARNING: The extractor specified to use impersonation for this download, but no impersonate target is available. If you encounter errors, then see  https://github.com/yt-dlp/yt-dlp#impersonation  for information on installing the required dependencies
ERROR: Unable to download video subtitles for 'en': HTTP Error 429: Too Many Requests
