04:53:18 tracks 0 views None
04:54:48 tracks 0 views None
04:56:19 tracks 0 views None
04:57:49 tracks 0 views None
04:59:20 tracks 0 views None
05:00:50 tracks 0 views None
05:02:20 tracks 0 views None
05:03:50 tracks 0 views None
05:05:20 tracks 0 views None
05:06:51 tracks 0 views None
05:08:21 tracks 1 views 12869
 TRACK en asr
WROTE captions.json3 443139
WROTE captions.vtt 443139
Traceback (most recent call last):
  File "<stdin>", line 22, in <module>
  File "/usr/lib/python3.13/json/__init__.py", line 346, in loads
    return _default_decoder.decode(s)
           ~~~~~~~~~~~~~~~~~~~~~~~^^^
  File "/usr/lib/python3.13/json/decoder.py", line 345, in decode
    obj, end = self.raw_decode(s, idx=_w(s, 0).end())
               ~~~~~~~~~~~~~~~^^^^^^^^^^^^^^^^^^^^^^^
  File "/usr/lib/python3.13/json/decoder.py", line 363, in raw_decode
    raise JSONDecodeError("Expecting value", s, err.value) from None
json.decoder.JSONDecodeError: Expecting value: line 1 column 1 (char 0)
