===== FETCH 62lPuJ5ZhA8 =====
[youtube] Extracting URL: https://www.youtube.com/watch?v=62lPuJ5ZhA8
[youtube] 62lPuJ5ZhA8: Downloading webpage
WARNING: [youtube] 62lPuJ5ZhA8: Unable to download webpage: HTTP Error 429: Too Many Requests (caused by <HTTPError 429: Too Many Requests>)
[youtube] 62lPuJ5ZhA8: Downloading initial data API JSON
[youtube] 62lPuJ5ZhA8: Downloading android player API JSON
[youtube] 62lPuJ5ZhA8: Downloading iframe API JS
[youtube] 62lPuJ5ZhA8: Downloading player 7460dd14-main
[youtube] 62lPuJ5ZhA8: Downloading web player API JSON
WARNING: [youtube] No title found in player responses; falling back to title from initial data. Other metadata may also be missing
ERROR: [youtube] 62lPuJ5ZhA8: Sign in to confirm you’re not a bot. Use --cookies-from-browser or --cookies for the authentication. See  https://github.com/yt-dlp/yt-dlp/wiki/FAQ#how-do-i-pass-cookies-to-yt-dlp  for how to manually pass cookies. Also see  https://github.com/yt-dlp/yt-dlp/wiki/Extractors#exporting-youtube-cookies  for tips on effectively exporting YouTube cookies
===== FETCH f1FGsTGp6K0 =====
[youtube] Extracting URL: https://www.youtube.com/watch?v=f1FGsTGp6K0
[youtube] f1FGsTGp6K0: Downloading webpage
[youtube] f1FGsTGp6K0: Downloading android player API JSON
WARNING: [youtube] No title found in player responses; falling back to title from initial data. Other metadata may also be missing
ERROR: [youtube] f1FGsTGp6K0: Sign in to confirm you’re not a bot. Use --cookies-from-browser or --cookies for the authentication. See  https://github.com/yt-dlp/yt-dlp/wiki/FAQ#how-do-i-pass-cookies-to-yt-dlp  for how to manually pass cookies. Also see  https://github.com/yt-dlp/yt-dlp/wiki/Extractors#exporting-youtube-cookies  for tips on effectively exporting YouTube cookies
===== FETCH CMwy7atVcQY =====
[youtube] Extracting URL: https://www.youtube.com/watch?v=CMwy7atVcQY
[youtube] CMwy7atVcQY: Downloading webpage
[youtube] CMwy7atVcQY: Downloading android player API JSON
WARNING: [youtube] No title found in player responses; falling back to title from initial data. Other metadata may also be missing
ERROR: [youtube] CMwy7atVcQY: Sign in to confirm you’re not a bot. Use --cookies-from-browser or --cookies for the authentication. See  https://github.com/yt-dlp/yt-dlp/wiki/FAQ#how-do-i-pass-cookies-to-yt-dlp  for how to manually pass cookies. Also see  https://github.com/yt-dlp/yt-dlp/wiki/Extractors#exporting-youtube-cookies  for tips on effectively exporting YouTube cookies
===== FETCH TLJNJDf2XGo =====
[youtube] Extracting URL: https://www.youtube.com/watch?v=TLJNJDf2XGo
[youtube] TLJNJDf2XGo: Downloading webpage
WARNING: [youtube] TLJNJDf2XGo: Unable to download webpage: HTTP Error 429: Too Many Requests (caused by <HTTPError 429: Too Many Requests>)
[youtube] TLJNJDf2XGo: Downloading initial data API JSON
[youtube] TLJNJDf2XGo: Downloading android player API JSON
[youtube] TLJNJDf2XGo: Downloading iframe API JS
[youtube] TLJNJDf2XGo: Downloading player 7460dd14-main
[youtube] TLJNJDf2XGo: Downloading web player API JSON
WARNING: [youtube] TLJNJDf2XGo: Some android client https formats have been skipped as they are missing a URL. YouTube may have enabled the SABR-only streaming experiment for the current session. See  https://github.com/yt-dlp/yt-dlp/issues/12482  for more details
WARNING: [youtube] Unable to fetch GVS PO Token for web client: Missing required Visitor Data. You may need to pass Visitor Data with --extractor-args "youtube:visitor_data=XXX"
[info] TLJNJDf2XGo: Downloading subtitles: en, en-orig
[info] TLJNJDf2XGo: Downloading 1 format(s): 18
[info] Writing video subtitles to: TLJNJDf2XGo.en.json3
WARNING: The extractor specified to use impersonation for this download, but no impersonate target is available. If you encounter errors, then see  https://github.com/yt-dlp/yt-dlp#impersonation  for information on installing the required dependencies
ERROR: Unable to download video subtitles for 'en': HTTP Error 429: Too Many Requests
===== FETCH yoEdKhxzVLw =====
[youtube] Extracting URL: https://www.youtube.com/watch?v=yoEdKhxzVLw
[youtube] yoEdKhxzVLw: Downloading webpage
WARNING: [youtube] yoEdKhxzVLw: Unable to download webpage: HTTP Error 429: Too Many Requests (caused by <HTTPError 429: Too Many Requests>)
[youtube] yoEdKhxzVLw: Downloading initial data API JSON
[youtube] yoEdKhxzVLw: Downloading android player API JSON
[youtube] yoEdKhxzVLw: Downloading iframe API JS
[youtube] yoEdKhxzVLw: Downloading player 7460dd14-main
[youtube] yoEdKhxzVLw: Downloading web player API JSON
WARNING: [youtube] yoEdKhxzVLw: Some android client https formats have been skipped as they are missing a URL. YouTube may have enabled the SABR-only streaming experiment for the current session. See  https://github.com/yt-dlp/yt-dlp/issues/12482  for more details
WARNING: [youtube] Unable to fetch GVS PO Token for web client: Missing required Visitor Data. You may need to pass Visitor Data with --extractor-args "youtube:visitor_data=XXX"
[info] yoEdKhxzVLw: Downloading subtitles: en-orig, en
[info] yoEdKhxzVLw: Downloading 1 format(s): 18
[info] Writing video subtitles to: yoEdKhxzVLw.en-orig.json3
WARNING: The extractor specified to use impersonation for this download, but no impersonate target is available. If you encounter errors, then see  https://github.com/yt-dlp/yt-dlp#impersonation  for information on installing the required dependencies
[download] Destination: yoEdKhxzVLw.en-orig.json3
[download]    1.00KiB at  Unknown B/s (00:00:00)[download]    3.00KiB at  Unknown B/s (00:00:00)[download]    7.00KiB at    6.13MiB/s (00:00:00)[download]   15.00KiB at   10.79MiB/s (00:00:00)[download]   31.00KiB at   18.61MiB/s (00:00:00)[download]   51.55KiB at   26.08MiB/s (00:00:00)[download] 100% of   51.55KiB in 00:00:00 at 576.35KiB/s
[info] Writing video subtitles to: yoEdKhxzVLw.en.json3
WARNING: The extractor specified to use impersonation for this download, but no impersonate target is available. If you encounter errors, then see  https://github.com/yt-dlp/yt-dlp#impersonation  for information on installing the required dependencies
[download] Destination: yoEdKhxzVLw.en.json3
[download]    1.00KiB at  Unknown B/s (00:00:00)[download]    3.00KiB at  Unknown B/s (00:00:00)[download]    7.00KiB at    5.60MiB/s (00:00:00)[download]   15.00KiB at   10.21MiB/s (00:00:00)[download]   31.00KiB at   18.25MiB/s (00:00:00)[download]   51.55KiB at   26.38MiB/s (00:00:00)[download] 100% of   51.55KiB in 00:00:00 at 932.24KiB/s
[info] Writing video metadata as JSON to: yoEdKhxzVLw.info.json
